// Jest Snapshot v1, https://goo.gl/fbAQLP

exports[`App should render correctly 1`] = `
<Fragment>
  <div>
    <Link
      replace={false}
      to="/"
    >
      Home
    </Link>
  </div>
  <div>
    <Link
      replace={false}
      to="/counter"
    >
      Counter
    </Link>
  </div>
  <Switch>
    <Route
      component={[Function]}
      exact={true}
      path="/"
    />
    <Route
      component={[Function]}
      exact={true}
      path="/counter"
    />
  </Switch>
</Fragment>
`;
